To honour the JVM settings for this build a single-use Daemon process will be forked. For more on this, please refer to https://docs.gradle.org/9.4.1/userguide/gradle_daemon.html#sec:disabling_the_daemon in the Gradle documentation.
Daemon will be stopped at the end of the build 
Reusing configuration cache.
> Task :core:model:checkKotlinGradlePluginConfigurationErrors SKIPPED
> Task :core:domain:checkKotlinGradlePluginConfigurationErrors SKIPPED
> Task :app:preBuild UP-TO-DATE
> Task :app:preDebugBuild UP-TO-DATE
> Task :core:domain:processResources NO-SOURCE
> Task :core:model:processResources NO-SOURCE
> Task :core:common:preBuild UP-TO-DATE
> Task :core:common:preDebugBuild UP-TO-DATE
> Task :app:generateDebugResources UP-TO-DATE
> Task :core:common:processDebugNavigationResources UP-TO-DATE
> Task :app:generateDebugBuildConfig UP-TO-DATE
> Task :core:data:preBuild UP-TO-DATE
> Task :core:database:preBuild UP-TO-DATE
> Task :core:database:preDebugBuild UP-TO-DATE
> Task :core:data:preDebugBuild UP-TO-DATE
> Task :core:database:processDebugNavigationResources UP-TO-DATE
> Task :core:designsystem:preBuild UP-TO-DATE
> Task :core:designsystem:preDebugBuild UP-TO-DATE
> Task :core:data:processDebugNavigationResources UP-TO-DATE
> Task :feature:admin:preBuild UP-TO-DATE
> Task :feature:admin:preDebugBuild UP-TO-DATE
> Task :feature:admin:processDebugNavigationResources UP-TO-DATE
> Task :core:designsystem:processDebugNavigationResources UP-TO-DATE
> Task :feature:announcements:preBuild UP-TO-DATE
> Task :feature:announcements:preDebugBuild UP-TO-DATE
> Task :feature:login:preBuild UP-TO-DATE
> Task :feature:login:preDebugBuild UP-TO-DATE
> Task :feature:login:processDebugNavigationResources UP-TO-DATE
> Task :feature:announcements:processDebugNavigationResources UP-TO-DATE
> Task :feature:splash:preBuild UP-TO-DATE
> Task :feature:splash:preDebugBuild UP-TO-DATE
> Task :feature:settings:preBuild UP-TO-DATE
> Task :feature:settings:preDebugBuild UP-TO-DATE
> Task :feature:splash:processDebugNavigationResources UP-TO-DATE
> Task :feature:tasks:preBuild UP-TO-DATE
> Task :feature:settings:processDebugNavigationResources UP-TO-DATE
> Task :feature:units:preBuild UP-TO-DATE
> Task :feature:tasks:preDebugBuild UP-TO-DATE
> Task :feature:units:preDebugBuild UP-TO-DATE
> Task :feature:tasks:processDebugNavigationResources UP-TO-DATE
> Task :feature:users:preBuild UP-TO-DATE
> Task :feature:users:preDebugBuild UP-TO-DATE
> Task :feature:units:processDebugNavigationResources UP-TO-DATE
> Task :app:packageDebugResources UP-TO-DATE
> Task :core:common:generateDebugResources UP-TO-DATE
> Task :core:common:packageDebugResources UP-TO-DATE
> Task :feature:users:processDebugNavigationResources UP-TO-DATE
> Task :core:model:compileKotlin UP-TO-DATE
> Task :core:common:javaPreCompileDebug UP-TO-DATE
> Task :core:data:generateDebugResources UP-TO-DATE
> Task :core:model:compileJava NO-SOURCE
> Task :core:model:classes UP-TO-DATE
> Task :core:model:jar UP-TO-DATE
> Task :core:data:packageDebugResources UP-TO-DATE
> Task :core:data:parseDebugLocalResources UP-TO-DATE
> Task :core:data:generateDebugRFile UP-TO-DATE
> Task :core:database:generateDebugResources UP-TO-DATE
> Task :core:domain:compileKotlin UP-TO-DATE
> Task :core:domain:compileJava NO-SOURCE
> Task :core:domain:classes UP-TO-DATE
> Task :core:database:packageDebugResources UP-TO-DATE
> Task :core:database:parseDebugLocalResources UP-TO-DATE
> Task :core:database:generateDebugRFile UP-TO-DATE
> Task :core:domain:jar UP-TO-DATE
> Task :core:data:javaPreCompileDebug UP-TO-DATE
> Task :core:designsystem:generateDebugResources UP-TO-DATE
> Task :core:database:javaPreCompileDebug UP-TO-DATE
> Task :core:designsystem:packageDebugResources UP-TO-DATE
> Task :core:designsystem:javaPreCompileDebug UP-TO-DATE
> Task :core:designsystem:parseDebugLocalResources UP-TO-DATE
> Task :feature:admin:generateDebugResources UP-TO-DATE
> Task :core:designsystem:generateDebugRFile UP-TO-DATE
> Task :feature:admin:packageDebugResources UP-TO-DATE
> Task :feature:admin:parseDebugLocalResources UP-TO-DATE
> Task :feature:admin:generateDebugRFile UP-TO-DATE
> Task :feature:admin:javaPreCompileDebug UP-TO-DATE
> Task :feature:announcements:generateDebugResources UP-TO-DATE
> Task :feature:announcements:packageDebugResources UP-TO-DATE
> Task :feature:announcements:parseDebugLocalResources UP-TO-DATE
> Task :feature:announcements:generateDebugRFile UP-TO-DATE
> Task :feature:announcements:javaPreCompileDebug UP-TO-DATE
> Task :feature:login:generateDebugResources UP-TO-DATE
> Task :feature:login:packageDebugResources UP-TO-DATE
> Task :feature:login:parseDebugLocalResources UP-TO-DATE
> Task :feature:login:generateDebugRFile UP-TO-DATE
> Task :feature:login:javaPreCompileDebug UP-TO-DATE
> Task :feature:settings:generateDebugResources UP-TO-DATE
> Task :feature:settings:packageDebugResources UP-TO-DATE
> Task :feature:settings:parseDebugLocalResources UP-TO-DATE
> Task :feature:settings:generateDebugRFile UP-TO-DATE
> Task :feature:settings:javaPreCompileDebug UP-TO-DATE
> Task :feature:splash:generateDebugResources UP-TO-DATE
> Task :feature:splash:packageDebugResources UP-TO-DATE
> Task :feature:splash:parseDebugLocalResources UP-TO-DATE
> Task :feature:splash:generateDebugRFile UP-TO-DATE
> Task :feature:splash:javaPreCompileDebug UP-TO-DATE
> Task :feature:tasks:generateDebugResources UP-TO-DATE
> Task :feature:tasks:packageDebugResources UP-TO-DATE
> Task :feature:tasks:parseDebugLocalResources UP-TO-DATE
> Task :feature:tasks:generateDebugRFile UP-TO-DATE
> Task :feature:tasks:javaPreCompileDebug UP-TO-DATE
> Task :feature:units:generateDebugResources UP-TO-DATE
> Task :feature:units:packageDebugResources UP-TO-DATE
> Task :feature:units:parseDebugLocalResources UP-TO-DATE
> Task :feature:units:generateDebugRFile UP-TO-DATE
> Task :feature:units:javaPreCompileDebug UP-TO-DATE
> Task :feature:users:generateDebugResources UP-TO-DATE
> Task :feature:users:packageDebugResources UP-TO-DATE
> Task :feature:users:parseDebugLocalResources UP-TO-DATE
> Task :feature:users:generateDebugRFile UP-TO-DATE
> Task :feature:users:javaPreCompileDebug UP-TO-DATE
> Task :app:processDebugNavigationResources UP-TO-DATE
> Task :app:parseDebugLocalResources UP-TO-DATE
> Task :app:generateDebugRFile UP-TO-DATE
> Task :core:common:parseDebugLocalResources UP-TO-DATE
> Task :core:common:generateDebugRFile UP-TO-DATE
> Task :core:designsystem:compileDebugKotlin UP-TO-DATE
> Task :core:designsystem:compileDebugJavaWithJavac NO-SOURCE
> Task :core:designsystem:bundleLibRuntimeToJarDebug UP-TO-DATE
> Task :core:designsystem:bundleLibCompileToJarDebug UP-TO-DATE
> Task :core:common:kspDebugKotlin UP-TO-DATE
> Task :core:common:compileDebugKotlin UP-TO-DATE
> Task :core:common:compileDebugJavaWithJavac UP-TO-DATE
> Task :feature:login:kspDebugKotlin UP-TO-DATE
> Task :feature:admin:kspDebugKotlin UP-TO-DATE
> Task :feature:announcements:kspDebugKotlin UP-TO-DATE
> Task :core:common:transformDebugClassesWithAsm UP-TO-DATE
> Task :core:common:bundleLibCompileToJarDebug UP-TO-DATE
> Task :feature:admin:compileDebugKotlin UP-TO-DATE
> Task :feature:login:compileDebugKotlin UP-TO-DATE
> Task :feature:announcements:compileDebugKotlin UP-TO-DATE
> Task :core:common:bundleLibRuntimeToJarDebug UP-TO-DATE
> Task :feature:announcements:compileDebugJavaWithJavac UP-TO-DATE
> Task :feature:login:compileDebugJavaWithJavac UP-TO-DATE
> Task :feature:admin:compileDebugJavaWithJavac UP-TO-DATE
> Task :feature:announcements:transformDebugClassesWithAsm UP-TO-DATE
> Task :feature:admin:transformDebugClassesWithAsm UP-TO-DATE
> Task :feature:announcements:bundleLibCompileToJarDebug UP-TO-DATE
> Task :core:database:kspDebugKotlin UP-TO-DATE
> Task :feature:admin:bundleLibCompileToJarDebug UP-TO-DATE
> Task :feature:login:transformDebugClassesWithAsm UP-TO-DATE
> Task :feature:login:bundleLibCompileToJarDebug UP-TO-DATE
> Task :feature:splash:kspDebugKotlin UP-TO-DATE
> Task :feature:tasks:kspDebugKotlin UP-TO-DATE
> Task :feature:settings:kspDebugKotlin UP-TO-DATE
> Task :feature:splash:compileDebugKotlin UP-TO-DATE
> Task :feature:splash:compileDebugJavaWithJavac NO-SOURCE
> Task :feature:splash:transformDebugClassesWithAsm UP-TO-DATE
> Task :feature:splash:bundleLibCompileToJarDebug UP-TO-DATE
> Task :feature:tasks:compileDebugKotlin UP-TO-DATE
> Task :feature:tasks:compileDebugJavaWithJavac UP-TO-DATE
> Task :feature:tasks:transformDebugClassesWithAsm UP-TO-DATE
> Task :feature:units:kspDebugKotlin UP-TO-DATE
> Task :feature:tasks:bundleLibCompileToJarDebug UP-TO-DATE
> Task :feature:settings:compileDebugKotlin UP-TO-DATE
> Task :core:database:compileDebugKotlin UP-TO-DATE
> Task :feature:settings:compileDebugJavaWithJavac UP-TO-DATE
> Task :core:database:compileDebugJavaWithJavac UP-TO-DATE
> Task :feature:users:kspDebugKotlin UP-TO-DATE
> Task :core:database:transformDebugClassesWithAsm UP-TO-DATE
> Task :core:database:bundleLibCompileToJarDebug UP-TO-DATE
> Task :feature:settings:transformDebugClassesWithAsm UP-TO-DATE
> Task :core:database:bundleLibRuntimeToJarDebug UP-TO-DATE
> Task :feature:settings:bundleLibCompileToJarDebug UP-TO-DATE
> Task :core:data:kspDebugKotlin UP-TO-DATE
> Task :feature:units:compileDebugKotlin UP-TO-DATE
> Task :feature:units:compileDebugJavaWithJavac UP-TO-DATE
> Task :feature:units:transformDebugClassesWithAsm UP-TO-DATE
> Task :feature:users:compileDebugKotlin UP-TO-DATE
> Task :core:data:compileDebugKotlin UP-TO-DATE
> Task :feature:users:compileDebugJavaWithJavac UP-TO-DATE
> Task :core:data:compileDebugJavaWithJavac UP-TO-DATE
> Task :core:data:transformDebugClassesWithAsm UP-TO-DATE
> Task :feature:users:transformDebugClassesWithAsm UP-TO-DATE
> Task :core:data:bundleLibCompileToJarDebug UP-TO-DATE
> Task :feature:users:bundleLibCompileToJarDebug UP-TO-DATE
> Task :feature:units:bundleLibCompileToJarDebug UP-TO-DATE
> Task :app:kspDebugKotlin UP-TO-DATE
> Task :app:compileDebugKotlin UP-TO-DATE

BUILD SUCCESSFUL in 19s
143 actionable tasks: 143 up-to-date
Configuration cache entry reused.
